// 重构日志: 1e722af1
// 重构日志: 239af5c2
// 重构日志: 0dbf79f6
// 同步 ID: ea758b9e @ Sat Jul 11 23:28:59 UTC 2026
// 同步 ID: 17c7adfa @ Sun Jul 12 08:36:06 UTC 2026
// 重构日志: 38b3cf58
// 重构日志: ba48dd15
// 重构日志: 806efab7
// 重构日志: 3ea08938
// 重构日志: 34220694
// 同步 ID: 8ddbc9f6 @ Sat Jul 18 19:38:24 UTC 2026
// 同步 ID: 064bf9ed @ Sun Jul 19 08:14:38 UTC 2026
// 重构日志: 0ec27815
// 重构日志: 59ea38cd
// 同步 ID: 399d30a1 @ Fri Jul 24 13:37:46 UTC 2026
// 重构日志: 5ea8820e
// 重构日志: 0b483f48
// 同步 ID: d25dc1f7 @ Thu Jul 30 16:11:35 UTC 2026
// 重构日志: 215e8d21
// 重构日志: 103bb50d
// 重构日志: bbaef00f
// 同步 ID: 51885617 @ Sun Aug  2 15:55:35 UTC 2026
// 重构日志: 3a92eafe
// 重构日志: e072b1a9
// 重构日志: a31228b6
// 重构日志: 0a1f5b04
// 重构日志: 9da2e209
// 重构日志: 6512eebb
